> A Captain 2356 2370 Gold Kathryn Janeway
> X old
Kathryn Janeway Captain 2356 2370 Gold
> A Commander 2355 2370 Red Chakotay
> X old
Chakotay Commander 2355 2370 Red
> A Lieutenant 2360 2370 Blue B'Elanna Torres
> X old
Chakotay Commander 2355 2370 Red
> A Lieutenant 2350 2370 Red Tom Paris
> X old
Tom Paris Lieutenant 2350 2370 Red
> Q
