> R first_1000_personnel.tst
> F 500
yrdapeyhhk hocbuuhx 105734 105752 blue
> F 250
chxmhuurpt rkofnmes 56673 56680 red
> F 666
gaybfzjjod mkwalazu 135890 135911 red
> F 999
ynjyiqsotd ucscelbs 201764 201816 gold
> F 234
vzwbhrhpfd msityqxr 51767 51799 gold
> X young
huehqnscab cxjqigon 202155 202192 blue
> R second_1000_personnel.tst
> F 1500
kedzulqhgh mskngkux 148564 148603 gold
> F 1000
kqtnzjnczp irpgsekh 98628 98650 blue
> X old
bxfwpkhskr acirgorx 2227 2230 red
> F 100
usspcxrswx oporlhrn 12842 12882 blue
> F 666
vfenchghmc rkxcbrej 69345 69381 blue
> F 1113
nhygyelqhs htpetayg 111286 111307 red
> F 630
owfylkjxak bnoonnmg 65144 65152 red
> F 1327
flsfmwwqif vjhwbhve 132151 132168 blue
> F 1701
spoaxopcar bszxaatm 171230 171260 red
> Q
