M N N M P P M -
+
M N P M P N M P N N P M P N M P +
-
+
+
-
-
-
-
-
+
-
+
+
-
+
-
+
+
+
-
-
-
-
-
+
-
+
+
-
+
+
+
+
+
-
-
-
-
-
+
-
+
+
-
+
+
+
+
+
-
-
-
-
-
+
-
+
+
-
+
-
-
-
-
+
+
+
+
-
-
-
-
+
-
+
-
-
-
-
+
+
-
+
-
-
-
-
+
-
+
-
-
-
-
+
-
+
+
-
-
-
-
+
-
+
-
-
-
-
+
+
+
+
-
-
-
-
+
-
+
-
-
-
-
-
-
-
-
+
+
-
+
-
-
-
+
+
+
+
-
-
-
-
+
+
-
+
+
-
+
-
-
-
-
-
-
-
-
-
-
+
+
-
-
-
+
+
+
+
-
-
-
-
+
+
+
+
+
-
+
+
+
+
+
+
+
+
+
-
+
-
+
+
-
+
-
-
-
-
-
-
-
-
-
-
-
-
-
+
+
+
+
+
+
+
+
+
+
-
+
-
+
+
+
+

Malla 1941 - 
& Kille 1940 - 
    Kalle 1960 - 
    & Silla 1965 - 
        Valle 1980 - 
        & Lilli 1980 - 
            Milli 2000 - 
    Milla 1961 - 
    & Ville 1957 - 
        Jallu 1976 - 
        & Salli 1977 - 
            Jallis 1999 - 

Ville 1957 - 
& Milla 1961 - 
    Jallu 1976 - 
    & Salli 1977 - 
        Jallis 1999 - 
the end
