N N M A M P N M P N M P M P M P N N P N M P P M N M P A M N P N P M M P N P M P M N M P P P V
M P N M P N A N M P N M P N M P N P M N P M M P P N P M M P N P M N P M A M N P P N M M P P N P M M P N P +
+
-
+
+
+
+
+
+
+
+
+
+
-
+
+
+
+
+
+
-
+
+
+
+
-
+
+
-
-
-
-
-
-
-
-
-
-
-
-
-
+
-
+
+
-
+
-
-
-
-
+
+
+
-
+
-
-
-
-
-
-
-
-
-
-
-
-
-
+
+
+
-
-
-
-
-
-
-
+
-
+
+
-
-
-
-
-
-
-
-
-
-
-
-
-
+
-
+
+
-
+
-
-
-
-
+
+
+
-
+
-
-
-
-
-
-
-
-
-
-
-
-
-
-
-
-
-
-
-
-
-
-
-
-
-
-
-
-
-
-
-
-
-
-
-
-
-
-
-
-
-
-
-
-
-
-
-
-
-
-
-
-
-
-
-
+
+
+
+
+
+
+
+
+
-
-
-
-
+
+
+
-
+
+
+
-
-
-
+
-
-
-
-
-
-
-
-
-
-
-
-
-
+
-
+
+
-
+
-
-
-
-
+
+
+
-
+
-
-
-
-
+
+
+
-
-
-
-
-
-
-
-
-
-
-
-
-
-
-
-
+
-
-
-
-
-
-
-
-
-
-
-
-
-
+
-
+
+
-
+
-
-
-
-
+
+
+
-
+
-
+
+
+
+
+
+
+
-
-
-
-
+
+
+
-
+
+
+
-
-
-
+
-
-
-
-
-
-
-
-
-
-
-
-
-
+
-
+
+
-
+
-
-
-
-
+
+
+
-
+
-
-
+
+
+
+
+
-
-
-
-
-
-
-
-
-
+
+
-
-
-
+
-
-
-
-
-
-
-
-
-
-
-
-
-
+
-
+
+
-
+
-
-
-
-
+
+
+
-
+
-
+
+
+
+
+
-
-
-
-
+
+
+
-
+
+
+
-
-
-
+
-
-
-
-
-
-
-
-
-
-
-
-
-
+
-
+
+
-
+
-
-
-
-
+
+
+
-
+
-
+
+
+
+
-
-
-
-
+
+
+
-
+
+
+
-
-
-
+
-
-
-
-
-
-
-
-
-
-
-
-
-
+
-
+
+
-
+
-
-
-
-
+
+
+
-
+
-
+
+
+
-
-
-
-
+
+
+
-
+
+
+
-
-
-
+
-
-
-
-
-
-
-
-
-
-
-
-
-
+
-
+
+
-
+
-
-
-
-
+
+
+
-
+
-
+
+
+
-
-
-
+
+
+
-
+
+
+
-
-
-
+
-
-
-
-
-
-
-
-
-
-
-
-
-
+
-
+
+
-
+
-
-
-
-
+
+
+
-
+
-
+
+
-
-
-
+
+
+
-
+
+
+
-
-
-
+
-
-
-
-
-
-
-
-
-
-
-
-
-
+
-
+
+
-
+
-
-
-
-
+
+
+
-
+
-
-
-
-
-
+
+
+
-
+
+
+
-
-
-
+
-
-
-
-
-
-
-
-
-
-
-
-
-
+
-
+
+
-
+
-
-
-
-
+
+
+
-
+
-
-
-
-
-
-
-
-
-
-
-
-
-
-
-
-
-
-
-
-
-
-
-
-
-
-
-
-
-
-
-
-
-
-
-
-
-
-
-
-
-
-
-
-
+
+
-
-
-
-
-
-
-
+
-
+
+
-
-
-
-
-
-
-
-
-
-
-
-
-
+
-
+
+
-
+
-
-
-
-
+
+
+
-
+
-
-
-
-
-
-
-
-
-
+
-
+
+
-
-
-
-
-
-
-
-
-
-
-
-
-
+
-
+
+
-
+
-
-
-
-
+
+
+
-
+
-
-
-
-
-
-
-
-
+
-
+
+
-
-
-
-
-
-
-
-
-
-
-
-
-
+
-
+
+
-
+
-
-
-
-
+
+
+
-
+
-
-
+
-
+
+
+
-
-
-
+
-
-
-
-
-
-
-
-
-
-
-
-
-
+
-
+
+
-
+
-
-
-
-
+
+
+
-
+
-
+
-
+
+
+
-
-
-
+
-
-
-
-
-
-
-
-
-
-
-
-
-
+
-
+
+
-
+
-
-
-
-
+
+
+
-
+
-
-
+
+
+
-
-
-
+
-
-
-
-
-
-
-
-
-
-
-
-
-
+
-
+
+
-
+
-
-
-
-
+
+
+
-
+
-
+
-
+
-
-
-
-
+
-
-
+
-
+
-
+
+
-
+
-
+
-
-
-
-
-
-
+
-
+
-
+
+
+
+
+
-
+
+
-
-
-
+
+
-
-
+
-
+
-
+
+
-
+
-
+
+
-
+
+
-
+
+
-
+
-
+
+
+
+
+
-
+
-
-
-
+
-
-
-
-
-
-
-
-
-
-
-
-
-
+
-
+
+
-
+
-
-
-
-
+
+
+
-
+
-
-
-
-
+
+
-
-
+
-
+
-
+
+
-
+
-
+
+
-
+
+
-
+
+
-
+
-
+
+
+
+
+
-
+
+
+
-
-
-
-
-
-
-
-
-
-
-
-
-
+
-
+
+
-
+
-
-
-
-
+
+
+
-
+
-
-
+
-
-
-
-
-
-
-
-
-
-
-
-
-
+
-
+
+
-
+
-
-
-
-
+
+
+
-
+
-
+
-
-
-
-
-
-
-
-
-
-
-
-
-
+
-
+
+
-
+
-
-
-
-
+
+
+
-
+
-
-
-
-
-
-
-
-
-
-
-
-
-
-
+
-
+
+
-
+
-
-
-
-
+
+
+
-
+
-
-
+
+
+
+
-
+
+
+
+
+
+
-
-
-
-
-
-
+
-
+
-
+
+
+
+
+
-
-
-
-
-
-
-
-
-
-
-
-
-
-
-
-
-
-
-
-
-
-
-
-
-
-
-
-
+
-
+
-
+
+
-
+
-
+
-
-
-
-
-
-
+
-
+
-
+
+
+
+
+
-
-
+
-
+
+
-
+
-
+
-
-
-
-
-
-
+
-
+
-
+
+
+
+
+
-
+
-
+
+
-
+
-
+
-
-
-
-
-
-
+
-
+
-
+
+
+
+
+
-
-
+
+
-
+
-
+
-
-
-
-
-
-
+
-
+
-
+
+
+
+
+
-
+
-
-
-
-
-
-
-
-
-
-
-
-
-
-
-
-
-
-
-
-
-
+
-
+
-
+
-
-
-
-
-
-
+
-
+
-
+
+
+
+
+
-
-
+
-
+
-
-
-
-
-
-
+
-
+
-
+
+
+
+
+
-
+
-
+
-
-
-
-
-
-
+
-
+
-
+
+
+
+
+
-
-
+
-
-
-
-
-
-
+
-
+
-
+
+
+
+
+
-
+
-
-
-
-
-
-
+
-
+
-
+
+
+
+
+
-
-
-
-
-
-
-
+
-
+
-
+
+
+
+
+
-
-
+
+
-
+
-
-
-
-
+
+
+
-
+
-
+
-
-
-
-
-
-
-
-
-
-
-
-
-
+
-
+
-
-
-
-
+
+
+
-
+
-
-
+
-
-
-
-
+
+
+
-
+
-
+
-
-
-
-
-
-
-
-
-
-
-
-
-
-
+
+
+
-
+
-
+
+
-
+
+
+
+
+
-
-
-
-
-
-
-
-
-
-
+
+
+
+
+
-
+
+
+
-
+
-
+
+
+
+
-
+
+
+
-
+
+
-
+
+
+

Victoria 1819 - 1901
& Albert Augustus Charles 1819 - 1861
    Victoria Adelaine Mary 1840 - 1901
    & Frederick III, German Emperor 1813 - 1888
        William II, German Emperor 1859 - 1941
    Edward VII Wettin 1841 - 1910
    & Alexandra of Denmark 1844 - 1925
        George V Windsor 1865 - 1936
        & Mary of Teck 1867 - 1953
            Maude Charlotte Mary 1869 - 1938
            & Charles Haakon II, King of Norway 1872 - 1957
                Olav V, King of Norway 1903 - 1991
            Edward VIII Windsor 1894 - 1972
            George VI Windsor 1895 - 1952
    Alice Maud Mary 1843 - 1878
    & Louis IV of Hesse, Grand Duke 1837 - 1892
        Alexandra Fedorovna 1872 - 1918
        & Nicholas II Alexandrovich Romanov, Tsar of Russia 1868 - 1918

George II 1683 - 1760
& Caroline of Ansbach 1683 - 1737
    Frederic Louis, Prince of Wales 1701 - 1751
    & Augusta of Saxe-Gotha 1719 - 1772
        Augusta 1737 - 1813
        & Charles of Brunswick-WolfenButtel 1 - 1
            Caroline Amelia Brunswick 1768 - 1821
            & George IV 1762 - 1830
                Charlotte Augusta 1796 - 1817
                & Leopold I George of Saxe-Coburg, King of Belgium 1790 - 1865
        George III 1738 - 1820
        & Sophia Charlotte 1744 - 1818
            George IV 1762 - 1830
            & Caroline Amelia Brunswick 1768 - 1821
                Charlotte Augusta 1796 - 1817
                & Leopold I George of Saxe-Coburg, King of Belgium 1790 - 1865
            William IV 1765 - 1837
            Edward Augustus, Duke of Kent 1767 - 1820
            & Victoria Mary Louisa 1786 - 1861
                Victoria 1819 - 1901
                & Albert Augustus Charles 1819 - 1861
                    Victoria Adelaine Mary 1840 - 1901
                    & Frederick III, German Emperor 1813 - 1888
                        William II, German Emperor 1859 - 1941
                    Edward VII Wettin 1841 - 1910
                    & Alexandra of Denmark 1844 - 1925
                        George V Windsor 1865 - 1936
                        & Mary of Teck 1867 - 1953
                            Maude Charlotte Mary 1869 - 1938
                            & Charles Haakon II, King of Norway 1872 - 1957
                                Olav V, King of Norway 1903 - 1991
                            Edward VIII Windsor 1894 - 1972
                            George VI Windsor 1895 - 1952
                    Alice Maud Mary 1843 - 1878
                    & Louis IV of Hesse, Grand Duke 1837 - 1892
                        Alexandra Fedorovna 1872 - 1918
                        & Nicholas II Alexandrovich Romanov, Tsar of Russia 1868 - 1918
        Caroline Matilda 1751 - 1775
        & Cristian VII, King of Denmark 1749 - 1808
            Frederic VI, King of Denmark 1768 - 1839
            & Marie 1767 - 1852
    Louisa 1724 - 1751
    & Frederick V, King of Denmark 1723 - 1766
        Cristian VII, King of Denmark 1749 - 1808
        & Caroline Matilda 1751 - 1775
            Frederic VI, King of Denmark 1768 - 1839
            & Marie 1767 - 1852

Caroline Amelia Brunswick 1768 - 1821
& George IV 1762 - 1830
    Charlotte Augusta 1796 - 1817
    & Leopold I George of Saxe-Coburg, King of Belgium 1790 - 1865
the end
