M N A M M P N P M P M N N P M N P P M P N M P M N P M P M P M N P N P M P M P N P M M P N N P M P M N M P N P P M P N A M P N A M P M P M P N P M P N A M P N A M P N A N P N P M A M P N A M P M P M P M P M P 
Aegon V Targaryen 199 - 259
& Unknown Targaryen 199 - 259
    Rhaelle Targaryen 220 - 250
    & Unknown Baratheon 220 - 250
        Steffon Baratheon 240 - 278
        & Cassana Estermont 240 - 278
            King Robert I, King of Westeros 263 - 298
            & Cersei Lannister 266 - 
            Stannis Baratheon 265 - 
            & Selyse Florent 265 - 
                Shireen Baratheon 289 - 
            Renly Baratheon 278 - 299
    Duncan Targaryen 225 - 259
    Jaehaerys II Targaryen 230 - 262
    & Unknown Targaryen 230 - 262
        Aerys II Targaryen 243 - 283
        & Rhaella Targaryen 249 - 284
            Rhaegar Targaryen 259 - 283
            & Elia Martell 257 - 283
                Rhaenys Targaryen 282 - 283
                Aegon Targaryen 282 - 283
            Viserys Targaryen 275 - 298
            Daenerys Targaryen 284 - 
            & Drogo 260 - 298
                Rhaego 298 - 298
        Rhaella Targaryen 249 - 284
        & Aerys II Targaryen 243 - 283
            Rhaegar Targaryen 259 - 283
            & Elia Martell 257 - 283
                Rhaenys Targaryen 282 - 283
                Aegon Targaryen 282 - 283
            Viserys Targaryen 275 - 298
            Daenerys Targaryen 284 - 
            & Drogo 260 - 298
                Rhaego 298 - 298

Tytos Lannister 230 - 257
& Unknown Lannister 230 - 257
    Tywin Lannister 242 - 300
    & Joanna Lannister 245 - 274
        Cersei Lannister 266 - 
        & King Robert I, King of Westeros 263 - 298
        & Jaime Lannister 266 - 
            Joffrey Baratheon 286 - 300
            Myrcella Baratheon 290 - 
            Tommen Baratheon 290 - 
        Jaime Lannister 266 - 
        & Cersei Lannister 266 - 
            Joffrey Baratheon 286 - 300
            Myrcella Baratheon 290 - 
            Tommen Baratheon 290 - 
        Tyrion Lannister 274 - 
        & Sansa Stark 286 - 
    Kevan Lannister 245 - 300
    & Dorna Swyft 255 - 
        Lancel Lannister 287 - 
        Willem Lannister 288 - 299
        Martyn Lannister 289 - 
        Janei Lannister 297 - 
    Genna Lannister 245 - 
    & Emmon Frey 239 - 
        Cleos Frey 270 - 299
        & Jeyne Darry 270 - 
            Tywin Frey 288 - 
            Willem Frey 290 - 
        Lyonel Frey 273 - 
        Tion Frey 285 - 299
        Red Walder Frey 286 - 
    Tygett Lannister 250 - 285
    & Darlessa Marbrand 250 - 
        Tyrek Lannister 285 - 299
        & Ermesande Hayford 290 - 
    Gerion Lannister 250 - 292
    & Unknown Lannister 260 - 
        Joy Hill 288 - 
-
-
+
-
+
+
-
+
-
+
-
+
+
+
+
-
-
+
-
+
-
-
+
+
+
+
+
+
+
+
+
+
-
+
-
+
+
-
-
-
-
-
-
-
-
the end
